<!doctype html public "-//w3c//dtd html 4.0 transitional//en">
<html><head>
<title>Static Call Graph - [.\rvmdk\project.axf]</title></head>
<body><HR>
<H1>Static Call Graph for image .\rvmdk\project.axf</H1><HR>
<BR><P>#&#060CALLGRAPH&#062# ARM Linker, 5.03 [Build 76]: Last Updated: Thu Nov 29 15:27:02 2018
<BR><P>
<H3>Maximum Stack Usage =        136 bytes + Unknown(Functions without stacksize, Cycles, Untraceable Function Pointers)</H3><H3>
Call chain for Maximum Stack Depth:</H3>
main &rArr; SampleCurrentFeedback &rArr; __aeabi_dmul &rArr; _double_epilogue &rArr; _double_round
<P>
<H3>
Functions with no stack information
</H3><UL>
 <LI><a href="#[5]">Reset_Handler</a>
 <LI><a href="#[1]">NmiSR</a>
 <LI><a href="#[2]">FaultISR</a>
 <LI><a href="#[3]">IntDefaultHandler</a>
</UL>
</UL>
<P>
<H3>
Mutually Recursive functions
</H3> <LI><a href="#[9]">SysCtlDelay</a>&nbsp;&nbsp;&nbsp;&rArr;&nbsp;&nbsp;&nbsp;<a href="#[9]">SysCtlDelay</a><BR>
 <LI><a href="#[1]">NmiSR</a>&nbsp;&nbsp;&nbsp;&rArr;&nbsp;&nbsp;&nbsp;<a href="#[1]">NmiSR</a><BR>
 <LI><a href="#[2]">FaultISR</a>&nbsp;&nbsp;&nbsp;&rArr;&nbsp;&nbsp;&nbsp;<a href="#[2]">FaultISR</a><BR>
 <LI><a href="#[3]">IntDefaultHandler</a>&nbsp;&nbsp;&nbsp;&rArr;&nbsp;&nbsp;&nbsp;<a href="#[3]">IntDefaultHandler</a><BR>
</UL>
<P>
<H3>
Function Pointers
</H3><UL>
 <LI><a href="#[2]">FaultISR</a> from startup_rvmdk.o(RESET) referenced from startup_rvmdk.o(RESET)
 <LI><a href="#[3]">IntDefaultHandler</a> from startup_rvmdk.o(RESET) referenced 114 times from startup_rvmdk.o(RESET)
 <LI><a href="#[1]">NmiSR</a> from startup_rvmdk.o(RESET) referenced from startup_rvmdk.o(RESET)
 <LI><a href="#[5]">Reset_Handler</a> from startup_rvmdk.o(RESET) referenced from startup_rvmdk.o(RESET)
 <LI><a href="#[4]">main</a> from project.o(i.main) referenced from entry9a.o(.ARM.Collect$$$$0000000B)
</UL>
<P>
<H3>
Global Symbols
</H3>
<P><STRONG><a name="[5]"></a>Reset_Handler</STRONG> (Thumb, 0 bytes, Stack size unknown bytes, startup_rvmdk.o(RESET))
<BR><BR>[Calls]<UL><LI><a href="#[6]">&gt;&gt;</a>&nbsp;&nbsp;&nbsp;__main
</UL>

<P><STRONG><a name="[6]"></a>__main</STRONG> (Thumb, 0 bytes, Stack size unknown bytes, entry.o(.ARM.Collect$$$$00000000))
<BR><BR>[Called By]<UL><LI><a href="#[5]">&gt;&gt;</a>&nbsp;&nbsp;&nbsp;Reset_Handler
</UL>

<P><STRONG><a name="[34]"></a>_main_stk</STRONG> (Thumb, 0 bytes, Stack size unknown bytes, entry2.o(.ARM.Collect$$$$00000001))

<P><STRONG><a name="[7]"></a>_main_scatterload</STRONG> (Thumb, 0 bytes, Stack size unknown bytes, entry5.o(.ARM.Collect$$$$00000004))
<BR><BR>[Calls]<UL><LI><a href="#[8]">&gt;&gt;</a>&nbsp;&nbsp;&nbsp;__scatterload
</UL>

<P><STRONG><a name="[11]"></a>__main_after_scatterload</STRONG> (Thumb, 0 bytes, Stack size unknown bytes, entry5.o(.ARM.Collect$$$$00000004))
<BR><BR>[Called By]<UL><LI><a href="#[8]">&gt;&gt;</a>&nbsp;&nbsp;&nbsp;__scatterload
</UL>

<P><STRONG><a name="[35]"></a>_main_clock</STRONG> (Thumb, 0 bytes, Stack size unknown bytes, entry7b.o(.ARM.Collect$$$$00000008))

<P><STRONG><a name="[36]"></a>_main_cpp_init</STRONG> (Thumb, 0 bytes, Stack size unknown bytes, entry8b.o(.ARM.Collect$$$$0000000A))

<P><STRONG><a name="[37]"></a>_main_init</STRONG> (Thumb, 0 bytes, Stack size unknown bytes, entry9a.o(.ARM.Collect$$$$0000000B))

<P><STRONG><a name="[38]"></a>__rt_final_cpp</STRONG> (Thumb, 0 bytes, Stack size unknown bytes, entry10a.o(.ARM.Collect$$$$0000000D))

<P><STRONG><a name="[39]"></a>__rt_final_exit</STRONG> (Thumb, 0 bytes, Stack size unknown bytes, entry11a.o(.ARM.Collect$$$$0000000F))

<P><STRONG><a name="[9]"></a>SysCtlDelay</STRONG> (Thumb, 6 bytes, Stack size 0 bytes, sysctl.o(.emb_text))
<BR><BR>[Calls]<UL><LI><a href="#[9]">&gt;&gt;</a>&nbsp;&nbsp;&nbsp;SysCtlDelay
</UL>
<BR>[Called By]<UL><LI><a href="#[9]">&gt;&gt;</a>&nbsp;&nbsp;&nbsp;SysCtlDelay
<LI><a href="#[1f]">&gt;&gt;</a>&nbsp;&nbsp;&nbsp;EnablePWM
<LI><a href="#[1c]">&gt;&gt;</a>&nbsp;&nbsp;&nbsp;EnableInvert
<LI><a href="#[14]">&gt;&gt;</a>&nbsp;&nbsp;&nbsp;EnableCurrentFeedback
</UL>

<P><STRONG><a name="[a]"></a>__aeabi_dmul</STRONG> (Thumb, 228 bytes, Stack size 48 bytes, dmul.o(.text))
<BR><BR>[Stack]<UL><LI>Max Depth = 88<LI>Call Chain = __aeabi_dmul &rArr; _double_epilogue &rArr; _double_round
</UL>
<BR>[Calls]<UL><LI><a href="#[b]">&gt;&gt;</a>&nbsp;&nbsp;&nbsp;_double_epilogue
</UL>
<BR>[Called By]<UL><LI><a href="#[2d]">&gt;&gt;</a>&nbsp;&nbsp;&nbsp;SampleCurrentFeedback
</UL>

<P><STRONG><a name="[c]"></a>__aeabi_ddiv</STRONG> (Thumb, 222 bytes, Stack size 32 bytes, ddiv.o(.text))
<BR><BR>[Stack]<UL><LI>Max Depth = 40<LI>Call Chain = __aeabi_ddiv &rArr; _double_round
</UL>
<BR>[Calls]<UL><LI><a href="#[d]">&gt;&gt;</a>&nbsp;&nbsp;&nbsp;_double_round
</UL>
<BR>[Called By]<UL><LI><a href="#[2d]">&gt;&gt;</a>&nbsp;&nbsp;&nbsp;SampleCurrentFeedback
</UL>

<P><STRONG><a name="[e]"></a>__aeabi_ui2d</STRONG> (Thumb, 26 bytes, Stack size 16 bytes, dfltui.o(.text))
<BR><BR>[Stack]<UL><LI>Max Depth = 56<LI>Call Chain = __aeabi_ui2d &rArr; _double_epilogue &rArr; _double_round
</UL>
<BR>[Calls]<UL><LI><a href="#[b]">&gt;&gt;</a>&nbsp;&nbsp;&nbsp;_double_epilogue
</UL>
<BR>[Called By]<UL><LI><a href="#[2d]">&gt;&gt;</a>&nbsp;&nbsp;&nbsp;SampleCurrentFeedback
</UL>

<P><STRONG><a name="[32]"></a>__aeabi_f2d</STRONG> (Thumb, 38 bytes, Stack size 0 bytes, f2d.o(.text))
<BR><BR>[Called By]<UL><LI><a href="#[4]">&gt;&gt;</a>&nbsp;&nbsp;&nbsp;main
</UL>

<P><STRONG><a name="[33]"></a>__aeabi_cdrcmple</STRONG> (Thumb, 38 bytes, Stack size 0 bytes, cdrcmple.o(.text))
<BR><BR>[Called By]<UL><LI><a href="#[4]">&gt;&gt;</a>&nbsp;&nbsp;&nbsp;main
</UL>

<P><STRONG><a name="[31]"></a>__aeabi_d2f</STRONG> (Thumb, 56 bytes, Stack size 8 bytes, d2f.o(.text))
<BR><BR>[Stack]<UL><LI>Max Depth = 8<LI>Call Chain = __aeabi_d2f
</UL>
<BR>[Called By]<UL><LI><a href="#[2d]">&gt;&gt;</a>&nbsp;&nbsp;&nbsp;SampleCurrentFeedback
</UL>

<P><STRONG><a name="[3a]"></a>__I$use$fp</STRONG> (Thumb, 0 bytes, Stack size 0 bytes, iusefp.o(.text), UNUSED)

<P><STRONG><a name="[3b]"></a>_float_round</STRONG> (Thumb, 18 bytes, Stack size 0 bytes, fepilogue.o(.text), UNUSED)

<P><STRONG><a name="[3c]"></a>_float_epilogue</STRONG> (Thumb, 90 bytes, Stack size 4 bytes, fepilogue.o(.text), UNUSED)

<P><STRONG><a name="[d]"></a>_double_round</STRONG> (Thumb, 26 bytes, Stack size 8 bytes, depilogue.o(.text))
<BR><BR>[Stack]<UL><LI>Max Depth = 8<LI>Call Chain = _double_round
</UL>
<BR>[Called By]<UL><LI><a href="#[c]">&gt;&gt;</a>&nbsp;&nbsp;&nbsp;__aeabi_ddiv
<LI><a href="#[b]">&gt;&gt;</a>&nbsp;&nbsp;&nbsp;_double_epilogue
</UL>

<P><STRONG><a name="[b]"></a>_double_epilogue</STRONG> (Thumb, 164 bytes, Stack size 32 bytes, depilogue.o(.text))
<BR><BR>[Stack]<UL><LI>Max Depth = 40<LI>Call Chain = _double_epilogue &rArr; _double_round
</UL>
<BR>[Calls]<UL><LI><a href="#[10]">&gt;&gt;</a>&nbsp;&nbsp;&nbsp;__aeabi_llsr
<LI><a href="#[f]">&gt;&gt;</a>&nbsp;&nbsp;&nbsp;__aeabi_llsl
<LI><a href="#[d]">&gt;&gt;</a>&nbsp;&nbsp;&nbsp;_double_round
</UL>
<BR>[Called By]<UL><LI><a href="#[e]">&gt;&gt;</a>&nbsp;&nbsp;&nbsp;__aeabi_ui2d
<LI><a href="#[a]">&gt;&gt;</a>&nbsp;&nbsp;&nbsp;__aeabi_dmul
</UL>

<P><STRONG><a name="[8]"></a>__scatterload</STRONG> (Thumb, 28 bytes, Stack size 0 bytes, init.o(.text))
<BR><BR>[Calls]<UL><LI><a href="#[11]">&gt;&gt;</a>&nbsp;&nbsp;&nbsp;__main_after_scatterload
</UL>
<BR>[Called By]<UL><LI><a href="#[7]">&gt;&gt;</a>&nbsp;&nbsp;&nbsp;_main_scatterload
</UL>

<P><STRONG><a name="[3d]"></a>__scatterload_rt2</STRONG> (Thumb, 0 bytes, Stack size 0 bytes, init.o(.text), UNUSED)

<P><STRONG><a name="[f]"></a>__aeabi_llsl</STRONG> (Thumb, 30 bytes, Stack size 0 bytes, llshl.o(.text))
<BR><BR>[Called By]<UL><LI><a href="#[b]">&gt;&gt;</a>&nbsp;&nbsp;&nbsp;_double_epilogue
</UL>

<P><STRONG><a name="[3e]"></a>_ll_shift_l</STRONG> (Thumb, 0 bytes, Stack size 0 bytes, llshl.o(.text), UNUSED)

<P><STRONG><a name="[10]"></a>__aeabi_llsr</STRONG> (Thumb, 32 bytes, Stack size 0 bytes, llushr.o(.text))
<BR><BR>[Called By]<UL><LI><a href="#[b]">&gt;&gt;</a>&nbsp;&nbsp;&nbsp;_double_epilogue
</UL>

<P><STRONG><a name="[3f]"></a>_ll_ushift_r</STRONG> (Thumb, 0 bytes, Stack size 0 bytes, llushr.o(.text), UNUSED)

<P><STRONG><a name="[1b]"></a>ADCIntClear</STRONG> (Thumb, 10 bytes, Stack size 0 bytes, adc.o(i.ADCIntClear))
<BR><BR>[Called By]<UL><LI><a href="#[2d]">&gt;&gt;</a>&nbsp;&nbsp;&nbsp;SampleCurrentFeedback
<LI><a href="#[14]">&gt;&gt;</a>&nbsp;&nbsp;&nbsp;EnableCurrentFeedback
</UL>

<P><STRONG><a name="[2f]"></a>ADCIntStatus</STRONG> (Thumb, 52 bytes, Stack size 0 bytes, adc.o(i.ADCIntStatus))
<BR><BR>[Called By]<UL><LI><a href="#[2d]">&gt;&gt;</a>&nbsp;&nbsp;&nbsp;SampleCurrentFeedback
</UL>

<P><STRONG><a name="[2e]"></a>ADCProcessorTrigger</STRONG> (Thumb, 26 bytes, Stack size 0 bytes, adc.o(i.ADCProcessorTrigger))
<BR><BR>[Called By]<UL><LI><a href="#[2d]">&gt;&gt;</a>&nbsp;&nbsp;&nbsp;SampleCurrentFeedback
</UL>

<P><STRONG><a name="[1a]"></a>ADCReferenceSet</STRONG> (Thumb, 12 bytes, Stack size 0 bytes, adc.o(i.ADCReferenceSet))
<BR><BR>[Called By]<UL><LI><a href="#[14]">&gt;&gt;</a>&nbsp;&nbsp;&nbsp;EnableCurrentFeedback
</UL>

<P><STRONG><a name="[17]"></a>ADCSequenceConfigure</STRONG> (Thumb, 96 bytes, Stack size 8 bytes, adc.o(i.ADCSequenceConfigure))
<BR><BR>[Stack]<UL><LI>Max Depth = 8<LI>Call Chain = ADCSequenceConfigure
</UL>
<BR>[Called By]<UL><LI><a href="#[14]">&gt;&gt;</a>&nbsp;&nbsp;&nbsp;EnableCurrentFeedback
</UL>

<P><STRONG><a name="[30]"></a>ADCSequenceDataGet</STRONG> (Thumb, 36 bytes, Stack size 0 bytes, adc.o(i.ADCSequenceDataGet))
<BR><BR>[Called By]<UL><LI><a href="#[2d]">&gt;&gt;</a>&nbsp;&nbsp;&nbsp;SampleCurrentFeedback
</UL>

<P><STRONG><a name="[19]"></a>ADCSequenceEnable</STRONG> (Thumb, 14 bytes, Stack size 0 bytes, adc.o(i.ADCSequenceEnable))
<BR><BR>[Called By]<UL><LI><a href="#[14]">&gt;&gt;</a>&nbsp;&nbsp;&nbsp;EnableCurrentFeedback
</UL>

<P><STRONG><a name="[18]"></a>ADCSequenceStepConfigure</STRONG> (Thumb, 154 bytes, Stack size 4 bytes, adc.o(i.ADCSequenceStepConfigure))
<BR><BR>[Stack]<UL><LI>Max Depth = 4<LI>Call Chain = ADCSequenceStepConfigure
</UL>
<BR>[Called By]<UL><LI><a href="#[14]">&gt;&gt;</a>&nbsp;&nbsp;&nbsp;EnableCurrentFeedback
</UL>

<P><STRONG><a name="[12]"></a>EnableClock</STRONG> (Thumb, 12 bytes, Stack size 8 bytes, project.o(i.EnableClock))
<BR><BR>[Stack]<UL><LI>Max Depth = 32<LI>Call Chain = EnableClock &rArr; SysCtlClockFreqSet
</UL>
<BR>[Calls]<UL><LI><a href="#[13]">&gt;&gt;</a>&nbsp;&nbsp;&nbsp;SysCtlClockFreqSet
</UL>
<BR>[Called By]<UL><LI><a href="#[4]">&gt;&gt;</a>&nbsp;&nbsp;&nbsp;main
</UL>

<P><STRONG><a name="[14]"></a>EnableCurrentFeedback</STRONG> (Thumb, 80 bytes, Stack size 8 bytes, project.o(i.EnableCurrentFeedback))
<BR><BR>[Stack]<UL><LI>Max Depth = 44<LI>Call Chain = EnableCurrentFeedback &rArr; GPIOPinTypeADC &rArr; GPIOPadConfigSet
</UL>
<BR>[Calls]<UL><LI><a href="#[15]">&gt;&gt;</a>&nbsp;&nbsp;&nbsp;SysCtlPeripheralEnable
<LI><a href="#[9]">&gt;&gt;</a>&nbsp;&nbsp;&nbsp;SysCtlDelay
<LI><a href="#[16]">&gt;&gt;</a>&nbsp;&nbsp;&nbsp;GPIOPinTypeADC
<LI><a href="#[18]">&gt;&gt;</a>&nbsp;&nbsp;&nbsp;ADCSequenceStepConfigure
<LI><a href="#[19]">&gt;&gt;</a>&nbsp;&nbsp;&nbsp;ADCSequenceEnable
<LI><a href="#[17]">&gt;&gt;</a>&nbsp;&nbsp;&nbsp;ADCSequenceConfigure
<LI><a href="#[1a]">&gt;&gt;</a>&nbsp;&nbsp;&nbsp;ADCReferenceSet
<LI><a href="#[1b]">&gt;&gt;</a>&nbsp;&nbsp;&nbsp;ADCIntClear
</UL>
<BR>[Called By]<UL><LI><a href="#[29]">&gt;&gt;</a>&nbsp;&nbsp;&nbsp;EnablePeripherals
</UL>

<P><STRONG><a name="[1c]"></a>EnableInvert</STRONG> (Thumb, 34 bytes, Stack size 8 bytes, project.o(i.EnableInvert))
<BR><BR>[Stack]<UL><LI>Max Depth = 44<LI>Call Chain = EnableInvert &rArr; GPIOPinTypeGPIOOutput &rArr; GPIOPadConfigSet
</UL>
<BR>[Calls]<UL><LI><a href="#[15]">&gt;&gt;</a>&nbsp;&nbsp;&nbsp;SysCtlPeripheralEnable
<LI><a href="#[9]">&gt;&gt;</a>&nbsp;&nbsp;&nbsp;SysCtlDelay
<LI><a href="#[1e]">&gt;&gt;</a>&nbsp;&nbsp;&nbsp;GPIOPinWrite
<LI><a href="#[1d]">&gt;&gt;</a>&nbsp;&nbsp;&nbsp;GPIOPinTypeGPIOOutput
</UL>
<BR>[Called By]<UL><LI><a href="#[29]">&gt;&gt;</a>&nbsp;&nbsp;&nbsp;EnablePeripherals
</UL>

<P><STRONG><a name="[1f]"></a>EnablePWM</STRONG> (Thumb, 102 bytes, Stack size 8 bytes, project.o(i.EnablePWM))
<BR><BR>[Stack]<UL><LI>Max Depth = 44<LI>Call Chain = EnablePWM &rArr; GPIOPinTypePWM &rArr; GPIOPadConfigSet
</UL>
<BR>[Calls]<UL><LI><a href="#[15]">&gt;&gt;</a>&nbsp;&nbsp;&nbsp;SysCtlPeripheralEnable
<LI><a href="#[20]">&gt;&gt;</a>&nbsp;&nbsp;&nbsp;SysCtlPWMClockSet
<LI><a href="#[9]">&gt;&gt;</a>&nbsp;&nbsp;&nbsp;SysCtlDelay
<LI><a href="#[26]">&gt;&gt;</a>&nbsp;&nbsp;&nbsp;PWMPulseWidthSet
<LI><a href="#[27]">&gt;&gt;</a>&nbsp;&nbsp;&nbsp;PWMOutputState
<LI><a href="#[24]">&gt;&gt;</a>&nbsp;&nbsp;&nbsp;PWMGenPeriodSet
<LI><a href="#[25]">&gt;&gt;</a>&nbsp;&nbsp;&nbsp;PWMGenPeriodGet
<LI><a href="#[28]">&gt;&gt;</a>&nbsp;&nbsp;&nbsp;PWMGenEnable
<LI><a href="#[23]">&gt;&gt;</a>&nbsp;&nbsp;&nbsp;PWMGenConfigure
<LI><a href="#[22]">&gt;&gt;</a>&nbsp;&nbsp;&nbsp;GPIOPinTypePWM
<LI><a href="#[21]">&gt;&gt;</a>&nbsp;&nbsp;&nbsp;GPIOPinConfigure
</UL>
<BR>[Called By]<UL><LI><a href="#[29]">&gt;&gt;</a>&nbsp;&nbsp;&nbsp;EnablePeripherals
</UL>

<P><STRONG><a name="[29]"></a>EnablePeripherals</STRONG> (Thumb, 20 bytes, Stack size 8 bytes, project.o(i.EnablePeripherals))
<BR><BR>[Stack]<UL><LI>Max Depth = 52<LI>Call Chain = EnablePeripherals &rArr; EnablePWM &rArr; GPIOPinTypePWM &rArr; GPIOPadConfigSet
</UL>
<BR>[Calls]<UL><LI><a href="#[2a]">&gt;&gt;</a>&nbsp;&nbsp;&nbsp;EnableStatusFlag
<LI><a href="#[1f]">&gt;&gt;</a>&nbsp;&nbsp;&nbsp;EnablePWM
<LI><a href="#[1c]">&gt;&gt;</a>&nbsp;&nbsp;&nbsp;EnableInvert
<LI><a href="#[14]">&gt;&gt;</a>&nbsp;&nbsp;&nbsp;EnableCurrentFeedback
</UL>
<BR>[Called By]<UL><LI><a href="#[4]">&gt;&gt;</a>&nbsp;&nbsp;&nbsp;main
</UL>

<P><STRONG><a name="[2a]"></a>EnableStatusFlag</STRONG> (Thumb, 2 bytes, Stack size 0 bytes, project.o(i.EnableStatusFlag))
<BR><BR>[Called By]<UL><LI><a href="#[29]">&gt;&gt;</a>&nbsp;&nbsp;&nbsp;EnablePeripherals
</UL>

<P><STRONG><a name="[2b]"></a>GPIODirModeSet</STRONG> (Thumb, 40 bytes, Stack size 0 bytes, gpio.o(i.GPIODirModeSet))
<BR><BR>[Called By]<UL><LI><a href="#[22]">&gt;&gt;</a>&nbsp;&nbsp;&nbsp;GPIOPinTypePWM
<LI><a href="#[1d]">&gt;&gt;</a>&nbsp;&nbsp;&nbsp;GPIOPinTypeGPIOOutput
<LI><a href="#[16]">&gt;&gt;</a>&nbsp;&nbsp;&nbsp;GPIOPinTypeADC
</UL>

<P><STRONG><a name="[2c]"></a>GPIOPadConfigSet</STRONG> (Thumb, 312 bytes, Stack size 24 bytes, gpio.o(i.GPIOPadConfigSet))
<BR><BR>[Stack]<UL><LI>Max Depth = 24<LI>Call Chain = GPIOPadConfigSet
</UL>
<BR>[Called By]<UL><LI><a href="#[22]">&gt;&gt;</a>&nbsp;&nbsp;&nbsp;GPIOPinTypePWM
<LI><a href="#[1d]">&gt;&gt;</a>&nbsp;&nbsp;&nbsp;GPIOPinTypeGPIOOutput
<LI><a href="#[16]">&gt;&gt;</a>&nbsp;&nbsp;&nbsp;GPIOPinTypeADC
</UL>

<P><STRONG><a name="[21]"></a>GPIOPinConfigure</STRONG> (Thumb, 60 bytes, Stack size 0 bytes, gpio.o(i.GPIOPinConfigure))
<BR><BR>[Called By]<UL><LI><a href="#[1f]">&gt;&gt;</a>&nbsp;&nbsp;&nbsp;EnablePWM
</UL>

<P><STRONG><a name="[16]"></a>GPIOPinTypeADC</STRONG> (Thumb, 28 bytes, Stack size 12 bytes, gpio.o(i.GPIOPinTypeADC))
<BR><BR>[Stack]<UL><LI>Max Depth = 36<LI>Call Chain = GPIOPinTypeADC &rArr; GPIOPadConfigSet
</UL>
<BR>[Calls]<UL><LI><a href="#[2c]">&gt;&gt;</a>&nbsp;&nbsp;&nbsp;GPIOPadConfigSet
<LI><a href="#[2b]">&gt;&gt;</a>&nbsp;&nbsp;&nbsp;GPIODirModeSet
</UL>
<BR>[Called By]<UL><LI><a href="#[14]">&gt;&gt;</a>&nbsp;&nbsp;&nbsp;EnableCurrentFeedback
</UL>

<P><STRONG><a name="[1d]"></a>GPIOPinTypeGPIOOutput</STRONG> (Thumb, 28 bytes, Stack size 12 bytes, gpio.o(i.GPIOPinTypeGPIOOutput))
<BR><BR>[Stack]<UL><LI>Max Depth = 36<LI>Call Chain = GPIOPinTypeGPIOOutput &rArr; GPIOPadConfigSet
</UL>
<BR>[Calls]<UL><LI><a href="#[2c]">&gt;&gt;</a>&nbsp;&nbsp;&nbsp;GPIOPadConfigSet
<LI><a href="#[2b]">&gt;&gt;</a>&nbsp;&nbsp;&nbsp;GPIODirModeSet
</UL>
<BR>[Called By]<UL><LI><a href="#[1c]">&gt;&gt;</a>&nbsp;&nbsp;&nbsp;EnableInvert
</UL>

<P><STRONG><a name="[22]"></a>GPIOPinTypePWM</STRONG> (Thumb, 28 bytes, Stack size 12 bytes, gpio.o(i.GPIOPinTypePWM))
<BR><BR>[Stack]<UL><LI>Max Depth = 36<LI>Call Chain = GPIOPinTypePWM &rArr; GPIOPadConfigSet
</UL>
<BR>[Calls]<UL><LI><a href="#[2c]">&gt;&gt;</a>&nbsp;&nbsp;&nbsp;GPIOPadConfigSet
<LI><a href="#[2b]">&gt;&gt;</a>&nbsp;&nbsp;&nbsp;GPIODirModeSet
</UL>
<BR>[Called By]<UL><LI><a href="#[1f]">&gt;&gt;</a>&nbsp;&nbsp;&nbsp;EnablePWM
</UL>

<P><STRONG><a name="[1e]"></a>GPIOPinWrite</STRONG> (Thumb, 6 bytes, Stack size 0 bytes, gpio.o(i.GPIOPinWrite))
<BR><BR>[Called By]<UL><LI><a href="#[4]">&gt;&gt;</a>&nbsp;&nbsp;&nbsp;main
<LI><a href="#[1c]">&gt;&gt;</a>&nbsp;&nbsp;&nbsp;EnableInvert
</UL>

<P><STRONG><a name="[23]"></a>PWMGenConfigure</STRONG> (Thumb, 38 bytes, Stack size 0 bytes, pwm.o(i.PWMGenConfigure))
<BR><BR>[Called By]<UL><LI><a href="#[1f]">&gt;&gt;</a>&nbsp;&nbsp;&nbsp;EnablePWM
</UL>

<P><STRONG><a name="[28]"></a>PWMGenEnable</STRONG> (Thumb, 10 bytes, Stack size 0 bytes, pwm.o(i.PWMGenEnable))
<BR><BR>[Called By]<UL><LI><a href="#[1f]">&gt;&gt;</a>&nbsp;&nbsp;&nbsp;EnablePWM
</UL>

<P><STRONG><a name="[25]"></a>PWMGenPeriodGet</STRONG> (Thumb, 18 bytes, Stack size 0 bytes, pwm.o(i.PWMGenPeriodGet))
<BR><BR>[Called By]<UL><LI><a href="#[1f]">&gt;&gt;</a>&nbsp;&nbsp;&nbsp;EnablePWM
</UL>

<P><STRONG><a name="[24]"></a>PWMGenPeriodSet</STRONG> (Thumb, 18 bytes, Stack size 0 bytes, pwm.o(i.PWMGenPeriodSet))
<BR><BR>[Called By]<UL><LI><a href="#[1f]">&gt;&gt;</a>&nbsp;&nbsp;&nbsp;EnablePWM
</UL>

<P><STRONG><a name="[27]"></a>PWMOutputState</STRONG> (Thumb, 16 bytes, Stack size 0 bytes, pwm.o(i.PWMOutputState))
<BR><BR>[Called By]<UL><LI><a href="#[1f]">&gt;&gt;</a>&nbsp;&nbsp;&nbsp;EnablePWM
</UL>

<P><STRONG><a name="[26]"></a>PWMPulseWidthSet</STRONG> (Thumb, 32 bytes, Stack size 0 bytes, pwm.o(i.PWMPulseWidthSet))
<BR><BR>[Called By]<UL><LI><a href="#[1f]">&gt;&gt;</a>&nbsp;&nbsp;&nbsp;EnablePWM
</UL>

<P><STRONG><a name="[2d]"></a>SampleCurrentFeedback</STRONG> (Thumb, 184 bytes, Stack size 40 bytes, project.o(i.SampleCurrentFeedback))
<BR><BR>[Stack]<UL><LI>Max Depth = 128<LI>Call Chain = SampleCurrentFeedback &rArr; __aeabi_dmul &rArr; _double_epilogue &rArr; _double_round
</UL>
<BR>[Calls]<UL><LI><a href="#[e]">&gt;&gt;</a>&nbsp;&nbsp;&nbsp;__aeabi_ui2d
<LI><a href="#[a]">&gt;&gt;</a>&nbsp;&nbsp;&nbsp;__aeabi_dmul
<LI><a href="#[c]">&gt;&gt;</a>&nbsp;&nbsp;&nbsp;__aeabi_ddiv
<LI><a href="#[31]">&gt;&gt;</a>&nbsp;&nbsp;&nbsp;__aeabi_d2f
<LI><a href="#[30]">&gt;&gt;</a>&nbsp;&nbsp;&nbsp;ADCSequenceDataGet
<LI><a href="#[2e]">&gt;&gt;</a>&nbsp;&nbsp;&nbsp;ADCProcessorTrigger
<LI><a href="#[2f]">&gt;&gt;</a>&nbsp;&nbsp;&nbsp;ADCIntStatus
<LI><a href="#[1b]">&gt;&gt;</a>&nbsp;&nbsp;&nbsp;ADCIntClear
</UL>
<BR>[Called By]<UL><LI><a href="#[4]">&gt;&gt;</a>&nbsp;&nbsp;&nbsp;main
</UL>

<P><STRONG><a name="[13]"></a>SysCtlClockFreqSet</STRONG> (Thumb, 700 bytes, Stack size 24 bytes, sysctl.o(i.SysCtlClockFreqSet))
<BR><BR>[Stack]<UL><LI>Max Depth = 24<LI>Call Chain = SysCtlClockFreqSet
</UL>
<BR>[Called By]<UL><LI><a href="#[12]">&gt;&gt;</a>&nbsp;&nbsp;&nbsp;EnableClock
</UL>

<P><STRONG><a name="[20]"></a>SysCtlPWMClockSet</STRONG> (Thumb, 14 bytes, Stack size 0 bytes, sysctl.o(i.SysCtlPWMClockSet))
<BR><BR>[Called By]<UL><LI><a href="#[1f]">&gt;&gt;</a>&nbsp;&nbsp;&nbsp;EnablePWM
</UL>

<P><STRONG><a name="[15]"></a>SysCtlPeripheralEnable</STRONG> (Thumb, 36 bytes, Stack size 0 bytes, sysctl.o(i.SysCtlPeripheralEnable))
<BR><BR>[Called By]<UL><LI><a href="#[1f]">&gt;&gt;</a>&nbsp;&nbsp;&nbsp;EnablePWM
<LI><a href="#[1c]">&gt;&gt;</a>&nbsp;&nbsp;&nbsp;EnableInvert
<LI><a href="#[14]">&gt;&gt;</a>&nbsp;&nbsp;&nbsp;EnableCurrentFeedback
</UL>

<P><STRONG><a name="[40]"></a>__scatterload_copy</STRONG> (Thumb, 14 bytes, Stack size unknown bytes, handlers.o(i.__scatterload_copy), UNUSED)

<P><STRONG><a name="[41]"></a>__scatterload_null</STRONG> (Thumb, 2 bytes, Stack size unknown bytes, handlers.o(i.__scatterload_null), UNUSED)

<P><STRONG><a name="[42]"></a>__scatterload_zeroinit</STRONG> (Thumb, 14 bytes, Stack size unknown bytes, handlers.o(i.__scatterload_zeroinit), UNUSED)

<P><STRONG><a name="[4]"></a>main</STRONG> (Thumb, 86 bytes, Stack size 8 bytes, project.o(i.main))
<BR><BR>[Stack]<UL><LI>Max Depth = 136<LI>Call Chain = main &rArr; SampleCurrentFeedback &rArr; __aeabi_dmul &rArr; _double_epilogue &rArr; _double_round
</UL>
<BR>[Calls]<UL><LI><a href="#[32]">&gt;&gt;</a>&nbsp;&nbsp;&nbsp;__aeabi_f2d
<LI><a href="#[33]">&gt;&gt;</a>&nbsp;&nbsp;&nbsp;__aeabi_cdrcmple
<LI><a href="#[1e]">&gt;&gt;</a>&nbsp;&nbsp;&nbsp;GPIOPinWrite
<LI><a href="#[2d]">&gt;&gt;</a>&nbsp;&nbsp;&nbsp;SampleCurrentFeedback
<LI><a href="#[29]">&gt;&gt;</a>&nbsp;&nbsp;&nbsp;EnablePeripherals
<LI><a href="#[12]">&gt;&gt;</a>&nbsp;&nbsp;&nbsp;EnableClock
</UL>
<BR>[Address Reference Count : 1]<UL><LI> entry9a.o(.ARM.Collect$$$$0000000B)
</UL><P>
<H3>
Local Symbols
</H3>
<P><STRONG><a name="[1]"></a>NmiSR</STRONG> (Thumb, 0 bytes, Stack size unknown bytes, startup_rvmdk.o(RESET))
<BR><BR>[Calls]<UL><LI><a href="#[1]">&gt;&gt;</a>&nbsp;&nbsp;&nbsp;NmiSR
</UL>
<BR>[Called By]<UL><LI><a href="#[1]">&gt;&gt;</a>&nbsp;&nbsp;&nbsp;NmiSR
</UL>
<BR>[Address Reference Count : 1]<UL><LI> startup_rvmdk.o(RESET)
</UL>
<P><STRONG><a name="[2]"></a>FaultISR</STRONG> (Thumb, 0 bytes, Stack size unknown bytes, startup_rvmdk.o(RESET))
<BR><BR>[Calls]<UL><LI><a href="#[2]">&gt;&gt;</a>&nbsp;&nbsp;&nbsp;FaultISR
</UL>
<BR>[Called By]<UL><LI><a href="#[2]">&gt;&gt;</a>&nbsp;&nbsp;&nbsp;FaultISR
</UL>
<BR>[Address Reference Count : 1]<UL><LI> startup_rvmdk.o(RESET)
</UL>
<P><STRONG><a name="[3]"></a>IntDefaultHandler</STRONG> (Thumb, 0 bytes, Stack size unknown bytes, startup_rvmdk.o(RESET))
<BR><BR>[Calls]<UL><LI><a href="#[3]">&gt;&gt;</a>&nbsp;&nbsp;&nbsp;IntDefaultHandler
</UL>
<BR>[Called By]<UL><LI><a href="#[3]">&gt;&gt;</a>&nbsp;&nbsp;&nbsp;IntDefaultHandler
</UL>
<BR>[Address Reference Count : 1]<UL><LI> startup_rvmdk.o(RESET)
</UL><P>
<H3>
Undefined Global Symbols
</H3><HR></body></html>
