******************************************************************************
                  TI ARM Linker PC v16.9.3                     
******************************************************************************
>> Linked Thu Nov 29 17:12:54 2018

OUTPUT FILE NAME:   <SMS.out>
ENTRY POINT SYMBOL: "_c_int00"  address: 00000c41


MEMORY CONFIGURATION

         name            origin    length      used     unused   attr    fill
----------------------  --------  ---------  --------  --------  ----  --------
  FLASH                 00000000   00100000  000013a2  000fec5e  R  X
  SRAM                  20000000   00040000  00000218  0003fde8  RW X


SEGMENT ALLOCATION MAP

run origin  load origin   length   init length attrs members
----------  ----------- ---------- ----------- ----- -------
00000000    00000000    000013a4   000013a4    r-x
  00000000    00000000    00000208   00000208    r-- .intvecs
  00000208    00000208    00000e92   00000e92    r-x .text
  0000109c    0000109c    000002e4   000002e4    r-- .const
  00001380    00001380    00000024   00000024    r-- .cinit
20000000    20000000    00000218   00000000    rw-
  20000000    20000000    00000200   00000000    rw- .stack
  20000200    20000200    00000018   00000000    rw- .data


SECTION ALLOCATION MAP

 output                                  attributes/
section   page    origin      length       input sections
--------  ----  ----------  ----------   ----------------
.intvecs   0    00000000    00000208     
                  00000000    00000208     tm4c1294ncpdt_startup_ccs.obj (.intvecs)

.text      0    00000208    00000e92     
                  00000208    00000274     main.obj (.text)
                  0000047c    00000200     driverlib.lib : sysctl.obj (.text:SysCtlClockFreqSet)
                  0000067c    00000136     rtsv7M4_T_le_v4SPD16_eabi.lib : fd_div_t2.obj (.text)
                  000007b2    00000132     driverlib.lib : gpio.obj (.text:GPIOPadConfigSet)
                  000008e4    000000fc     rtsv7M4_T_le_v4SPD16_eabi.lib : fd_mul_t2.obj (.text)
                  000009e0    0000009c                                   : memcpy_t2.obj (.text)
                  00000a7c    0000007a     driverlib.lib : adc.obj (.text:ADCSequenceStepConfigure)
                  00000af6    00000002     rtsv7M4_T_le_v4SPD16_eabi.lib : mpu_init.obj (.text)
                  00000af8    00000070                                   : autoinit.obj (.text)
                  00000b68    0000006e                                   : fd_tos_t2.obj (.text)
                  00000bd6    00000068                                   : copy_decompress_lzss.obj (.text:decompress:lzss)
                  00000c3e    00000002                                   : startup.obj (.text)
                  00000c40    00000054                                   : boot.obj (.text)
                  00000c94    00000054                                   : exit.obj (.text)
                  00000ce8    00000050     driverlib.lib : adc.obj (.text:ADCSequenceConfigure)
                  00000d38    0000004c     rtsv7M4_T_le_v4SPD16_eabi.lib : cpy_tbl.obj (.text)
                  00000d84    00000048     driverlib.lib : gpio.obj (.text:GPIOPinConfigure)
                  00000dcc    00000048                   : sysctl.obj (.text:_SysCtlFrequencyGet)
                  00000e14    00000038     rtsv7M4_T_le_v4SPD16_eabi.lib : fs_tod_t2.obj (.text)
                  00000e4c    00000034     driverlib.lib : sysctl.obj (.text:SysCtlPeripheralEnable)
                  00000e80    0000002e                   : adc.obj (.text:ADCIntStatus)
                  00000eae    0000002a                   : gpio.obj (.text:GPIODirModeSet)
                  00000ed8    00000022                   : pwm.obj (.text:PWMGenConfigure)
                  00000efa    00000002     --HOLE-- [fill = 0]
                  00000efc    00000020                   : sysctl.obj (.text:_SysCtlMemTimingGet)
                  00000f1c    00000020     rtsv7M4_T_le_v4SPD16_eabi.lib : u_tofd_t2.obj (.text)
                  00000f3c    0000001e     driverlib.lib : adc.obj (.text:ADCSequenceDataGet)
                  00000f5a    0000001e                   : pwm.obj (.text:PWMPulseWidthSet)
                  00000f78    00000018                   : adc.obj (.text:ADCProcessorTrigger)
                  00000f90    00000018                   : gpio.obj (.text:GPIOPinTypeGPIOOutput)
                  00000fa8    00000018     rtsv7M4_T_le_v4SPD16_eabi.lib : args_main.obj (.text)
                  00000fc0    00000014     driverlib.lib : sysctl.obj (.text:SysCtlPWMClockSet)
                  00000fd4    00000014     rtsv7M4_T_le_v4SPD16_eabi.lib : _lock.obj (.text)
                  00000fe8    00000012     driverlib.lib : gpio.obj (.text:GPIOPinTypeADC)
                  00000ffa    00000012                   : gpio.obj (.text:GPIOPinTypePWM)
                  0000100c    00000012                   : pwm.obj (.text:PWMGenPeriodGet)
                  0000101e    00000012                   : pwm.obj (.text:PWMOutputState)
                  00001030    00000010                   : pwm.obj (.text:PWMGenPeriodSet)
                  00001040    0000000e                   : adc.obj (.text:ADCSequenceEnable)
                  0000104e    0000000e     rtsv7M4_T_le_v4SPD16_eabi.lib : copy_decompress_none.obj (.text:decompress:none)
                  0000105c    0000000c     driverlib.lib : adc.obj (.text:ADCReferenceSet)
                  00001068    0000000c                   : pwm.obj (.text:PWMGenEnable)
                  00001074    0000000c     tm4c1294ncpdt_startup_ccs.obj (.text)
                  00001080    0000000a     driverlib.lib : adc.obj (.text:ADCIntClear)
                  0000108a    00000006                   : gpio.obj (.text:GPIOPinWrite)
                  00001090    00000006                   : sysctl.obj (.text:SysCtlDelay)
                  00001096    00000004     rtsv7M4_T_le_v4SPD16_eabi.lib : pre_init.obj (.text)

.const     0    0000109c    000002e4     
                  0000109c    000001b0     driverlib.lib : sysctl.obj (.const:g_pppui32XTALtoVCO)
                  0000124c    00000090                   : gpio.obj (.const:g_pui32GPIOBaseAddrs)
                  000012dc    0000006c                   : sysctl.obj (.const:g_pui32Xtals)
                  00001348    00000030                   : sysctl.obj (.const:g_sXTALtoMEMTIM)
                  00001378    00000008                   : sysctl.obj (.const)

.cinit     0    00001380    00000024     
                  00001380    00000011     (.cinit..data.load) [load image, compression = lzss]
                  00001391    00000003     --HOLE-- [fill = 0]
                  00001394    00000008     (__TI_handler_table)
                  0000139c    00000008     (__TI_cinit_table)

.init_array 
*          0    00000000    00000000     UNINITIALIZED

.stack     0    20000000    00000200     UNINITIALIZED
                  20000000    00000200     --HOLE--

.data      0    20000200    00000018     UNINITIALIZED
                  20000200    0000000c     rtsv7M4_T_le_v4SPD16_eabi.lib : exit.obj (.data:$O1$$)
                  2000020c    00000008                                   : _lock.obj (.data:$O1$$)
                  20000214    00000004                                   : stkdepth_vars.obj (.data)

MODULE SUMMARY

       Module                          code   ro data   rw data
       ------                          ----   -------   -------
    .\
       main.obj                        628    0         0      
       tm4c1294ncpdt_startup_ccs.obj   12     520       0      
    +--+-------------------------------+------+---------+---------+
       Total:                          640    520       0      
                                                               
    C:\ti\ccsv7\tools\compiler\ti-cgt-arm_16.9.3.LTS\lib\rtsv7M4_T_le_v4SPD16_eabi.lib
       fd_div_t2.obj                   310    0         0      
       fd_mul_t2.obj                   252    0         0      
       memcpy_t2.obj                   156    0         0      
       autoinit.obj                    112    0         0      
       fd_tos_t2.obj                   110    0         0      
       copy_decompress_lzss.obj        104    0         0      
       exit.obj                        84     0         12     
       boot.obj                        84     0         0      
       cpy_tbl.obj                     76     0         0      
       fs_tod_t2.obj                   56     0         0      
       u_tofd_t2.obj                   32     0         0      
       _lock.obj                       20     0         8      
       args_main.obj                   24     0         0      
       copy_decompress_none.obj        14     0         0      
       pre_init.obj                    4      0         0      
       stkdepth_vars.obj               0      0         4      
       mpu_init.obj                    2      0         0      
       startup.obj                     2      0         0      
    +--+-------------------------------+------+---------+---------+
       Total:                          1442   0         24     
                                                               
    E:/Senior Design Project/Software/TivaWare/driverlib/ccs/Debug/driverlib.lib
       sysctl.obj                      694    596       0      
       gpio.obj                        486    144       0      
       adc.obj                         338    0         0      
       pwm.obj                         128    0         0      
    +--+-------------------------------+------+---------+---------+
       Total:                          1646   740       0      
                                                               
       Stack:                          0      0         512    
       Linker Generated:               0      33        0      
    +--+-------------------------------+------+---------+---------+
       Grand Total:                    3728   1293      536    


LINKER GENERATED COPY TABLES

__TI_cinit_table @ 0000139c records: 1, size/record: 8, table size: 8
	.data: load addr=00001380, load size=00000011 bytes, run addr=20000200, run size=00000018 bytes, compression=lzss


LINKER GENERATED HANDLER TABLE

__TI_handler_table @ 00001394 records: 2, size/record: 4, table size: 8
	index: 0, handler: __TI_decompress_lzss
	index: 1, handler: __TI_decompress_none


GLOBAL SYMBOLS: SORTED ALPHABETICALLY BY Name 

address   name                           
-------   ----                           
00001081  ADCIntClear                    
00000e81  ADCIntStatus                   
00000f79  ADCProcessorTrigger            
0000105d  ADCReferenceSet                
00000ce9  ADCSequenceConfigure           
00000f3d  ADCSequenceDataGet             
00001041  ADCSequenceEnable              
00000a7d  ADCSequenceStepConfigure       
00000c95  C$$EXIT                        
00000337  EnableClock                    
000003df  EnableCurrentFeedback          
000003bd  EnableInvert                   
00000357  EnablePWM                      
00000343  EnablePeripherals              
000003bb  EnableStatusFlag               
00000eaf  GPIODirModeSet                 
000007b3  GPIOPadConfigSet               
00000d85  GPIOPinConfigure               
00000fe9  GPIOPinTypeADC                 
00000f91  GPIOPinTypeGPIOOutput          
00000ffb  GPIOPinTypePWM                 
0000108b  GPIOPinWrite                   
00000ed9  PWMGenConfigure                
00001069  PWMGenEnable                   
0000100d  PWMGenPeriodGet                
00001031  PWMGenPeriodSet                
0000101f  PWMOutputState                 
00000f5b  PWMPulseWidthSet               
00001075  ResetISR                       
UNDEFED   SHT$$INIT_ARRAY$$Base          
UNDEFED   SHT$$INIT_ARRAY$$Limit         
000002bb  SampleCurrentFeedback          
00000209  SetPWMDutyCycle                
0000047d  SysCtlClockFreqSet             
00001091  SysCtlDelay                    
00000fc1  SysCtlPWMClockSet              
00000e4d  SysCtlPeripheralEnable         
20000200  __STACK_END                    
00000200  __STACK_SIZE                   
20000200  __STACK_TOP                    
0000139c  __TI_CINIT_Base                
000013a4  __TI_CINIT_Limit               
00001394  __TI_Handler_Table_Base        
0000139c  __TI_Handler_Table_Limit       
00000af9  __TI_auto_init                 
20000200  __TI_cleanup_ptr               
00000bd7  __TI_decompress_lzss           
0000104f  __TI_decompress_none           
20000204  __TI_dtors_ptr                 
20000208  __TI_enable_exit_profile_output
ffffffff  __TI_pprof_out_hndl            
ffffffff  __TI_prof_data_size            
ffffffff  __TI_prof_data_start           
00000000  __TI_static_base__             
00000b69  __aeabi_d2f                    
0000067d  __aeabi_ddiv                   
000008e5  __aeabi_dmul                   
00000e15  __aeabi_f2d                    
000009e1  __aeabi_memcpy                 
000009e1  __aeabi_memcpy4                
000009e1  __aeabi_memcpy8                
00000f1d  __aeabi_ui2d                   
ffffffff  __binit__                      
ffffffff  __c_args__                     
00000af7  __mpu_init                     
20000000  __stack                        
00000fa9  _args_main                     
00000c41  _c_int00                       
2000020c  _lock                          
00000fe3  _nop                           
00000fdb  _register_lock                 
00000fd5  _register_unlock               
00000c3f  _system_post_cinit             
00001097  _system_pre_init               
20000210  _unlock                        
00000c99  abort                          
ffffffff  binit                          
00000d39  copy_in                        
00000ca1  exit                           
00000000  g_pfnVectors                   
0000023d  main                           
20000214  main_func_sp                   
000009e1  memcpy                         


GLOBAL SYMBOLS: SORTED BY Symbol Address 

address   name                           
-------   ----                           
00000000  __TI_static_base__             
00000000  g_pfnVectors                   
00000200  __STACK_SIZE                   
00000209  SetPWMDutyCycle                
0000023d  main                           
000002bb  SampleCurrentFeedback          
00000337  EnableClock                    
00000343  EnablePeripherals              
00000357  EnablePWM                      
000003bb  EnableStatusFlag               
000003bd  EnableInvert                   
000003df  EnableCurrentFeedback          
0000047d  SysCtlClockFreqSet             
0000067d  __aeabi_ddiv                   
000007b3  GPIOPadConfigSet               
000008e5  __aeabi_dmul                   
000009e1  __aeabi_memcpy                 
000009e1  __aeabi_memcpy4                
000009e1  __aeabi_memcpy8                
000009e1  memcpy                         
00000a7d  ADCSequenceStepConfigure       
00000af7  __mpu_init                     
00000af9  __TI_auto_init                 
00000b69  __aeabi_d2f                    
00000bd7  __TI_decompress_lzss           
00000c3f  _system_post_cinit             
00000c41  _c_int00                       
00000c95  C$$EXIT                        
00000c99  abort                          
00000ca1  exit                           
00000ce9  ADCSequenceConfigure           
00000d39  copy_in                        
00000d85  GPIOPinConfigure               
00000e15  __aeabi_f2d                    
00000e4d  SysCtlPeripheralEnable         
00000e81  ADCIntStatus                   
00000eaf  GPIODirModeSet                 
00000ed9  PWMGenConfigure                
00000f1d  __aeabi_ui2d                   
00000f3d  ADCSequenceDataGet             
00000f5b  PWMPulseWidthSet               
00000f79  ADCProcessorTrigger            
00000f91  GPIOPinTypeGPIOOutput          
00000fa9  _args_main                     
00000fc1  SysCtlPWMClockSet              
00000fd5  _register_unlock               
00000fdb  _register_lock                 
00000fe3  _nop                           
00000fe9  GPIOPinTypeADC                 
00000ffb  GPIOPinTypePWM                 
0000100d  PWMGenPeriodGet                
0000101f  PWMOutputState                 
00001031  PWMGenPeriodSet                
00001041  ADCSequenceEnable              
0000104f  __TI_decompress_none           
0000105d  ADCReferenceSet                
00001069  PWMGenEnable                   
00001075  ResetISR                       
00001081  ADCIntClear                    
0000108b  GPIOPinWrite                   
00001091  SysCtlDelay                    
00001097  _system_pre_init               
00001394  __TI_Handler_Table_Base        
0000139c  __TI_CINIT_Base                
0000139c  __TI_Handler_Table_Limit       
000013a4  __TI_CINIT_Limit               
20000000  __stack                        
20000200  __STACK_END                    
20000200  __STACK_TOP                    
20000200  __TI_cleanup_ptr               
20000204  __TI_dtors_ptr                 
20000208  __TI_enable_exit_profile_output
2000020c  _lock                          
20000210  _unlock                        
20000214  main_func_sp                   
ffffffff  __TI_pprof_out_hndl            
ffffffff  __TI_prof_data_size            
ffffffff  __TI_prof_data_start           
ffffffff  __binit__                      
ffffffff  __c_args__                     
ffffffff  binit                          
UNDEFED   SHT$$INIT_ARRAY$$Base          
UNDEFED   SHT$$INIT_ARRAY$$Limit         

[83 symbols]
