******************************************************************************
                  TI ARM Linker PC v16.9.3                     
******************************************************************************
>> Linked Mon Feb 11 23:26:11 2019

OUTPUT FILE NAME:   <SMS.out>
ENTRY POINT SYMBOL: "_c_int00"  address: 00000bc5


MEMORY CONFIGURATION

         name            origin    length      used     unused   attr    fill
----------------------  --------  ---------  --------  --------  ----  --------
  FLASH                 00000000   00100000  00001090  000fef70  R  X
  SRAM                  20000000   00040000  00000218  0003fde8  RW X


SEGMENT ALLOCATION MAP

run origin  load origin   length   init length attrs members
----------  ----------- ---------- ----------- ----- -------
00000000    00000000    00001094   00001094    r-x
  00000000    00000000    00000208   00000208    r-- .intvecs
  00000208    00000208    00000c10   00000c10    r-x .text
  00000e18    00000e18    00000254   00000254    r-- .const
  00001070    00001070    00000024   00000024    r-- .cinit
20000000    20000000    00000218   00000000    rw-
  20000000    20000000    00000200   00000000    rw- .stack
  20000200    20000200    00000018   00000000    rw- .data


SECTION ALLOCATION MAP

 output                                  attributes/
section   page    origin      length       input sections
--------  ----  ----------  ----------   ----------------
.intvecs   0    00000000    00000208     
                  00000000    00000208     tm4c1294ncpdt_startup_ccs.obj (.intvecs)

.text      0    00000208    00000c10     
                  00000208    000003dc     pinout.obj (.text)
                  000005e4    00000200     driverlib.lib : sysctl.obj (.text:SysCtlClockFreqSet)
                  000007e4    0000015c     main.obj (.text)
                  00000940    00000110     driverlib.lib : sysctl.obj (.text:SysCtlClockGet)
                  00000a50    0000009c     rtsv7M4_T_le_v4SPD16_eabi.lib : memcpy_t2.obj (.text)
                  00000aec    00000070                                   : autoinit.obj (.text)
                  00000b5c    00000068                                   : copy_decompress_lzss.obj (.text:decompress:lzss)
                  00000bc4    00000054                                   : boot.obj (.text)
                  00000c18    00000054                                   : exit.obj (.text)
                  00000c6c    0000004c                                   : cpy_tbl.obj (.text)
                  00000cb8    00000048     driverlib.lib : sysctl.obj (.text:_SysCtlFrequencyGet)
                  00000d00    0000003c                   : ssi.obj (.text:SSIConfigSetExpClk)
                  00000d3c    00000034                   : sysctl.obj (.text:SysCtlPeripheralEnable)
                  00000d70    00000020                   : sysctl.obj (.text:_SysCtlMemTimingGet)
                  00000d90    00000018     rtsv7M4_T_le_v4SPD16_eabi.lib : args_main.obj (.text)
                  00000da8    00000014                                   : _lock.obj (.text)
                  00000dbc    00000012     driverlib.lib : ssi.obj (.text:SSIDataGetNonBlocking)
                  00000dce    0000000e     rtsv7M4_T_le_v4SPD16_eabi.lib : copy_decompress_none.obj (.text:decompress:none)
                  00000ddc    0000000c     tm4c1294ncpdt_startup_ccs.obj (.text)
                  00000de8    0000000a     driverlib.lib : ssi.obj (.text:SSIDataPut)
                  00000df2    0000000a                   : ssi.obj (.text:SSIEnable)
                  00000dfc    00000008                   : ssi.obj (.text:SSIBusy)
                  00000e04    00000006                   : gpio.obj (.text:GPIOPinWrite)
                  00000e0a    00000006                   : sysctl.obj (.text:SysCtlDelay)
                  00000e10    00000004     rtsv7M4_T_le_v4SPD16_eabi.lib : pre_init.obj (.text)
                  00000e14    00000002                                   : mpu_init.obj (.text)
                  00000e16    00000002                                   : startup.obj (.text)

.const     0    00000e18    00000254     
                  00000e18    000001b0     driverlib.lib : sysctl.obj (.const:g_pppui32XTALtoVCO)
                  00000fc8    0000006c                   : sysctl.obj (.const:g_pui32Xtals)
                  00001034    00000030                   : sysctl.obj (.const:g_sXTALtoMEMTIM)
                  00001064    00000008                   : sysctl.obj (.const)

.cinit     0    00001070    00000024     
                  00001070    00000011     (.cinit..data.load) [load image, compression = lzss]
                  00001081    00000003     --HOLE-- [fill = 0]
                  00001084    00000008     (__TI_handler_table)
                  0000108c    00000008     (__TI_cinit_table)

.init_array 
*          0    00000000    00000000     UNINITIALIZED

.stack     0    20000000    00000200     UNINITIALIZED
                  20000000    00000200     --HOLE--

.data      0    20000200    00000018     UNINITIALIZED
                  20000200    0000000c     rtsv7M4_T_le_v4SPD16_eabi.lib : exit.obj (.data:$O1$$)
                  2000020c    00000008                                   : _lock.obj (.data:$O1$$)
                  20000214    00000004                                   : stkdepth_vars.obj (.data)

MODULE SUMMARY

       Module                          code   ro data   rw data
       ------                          ----   -------   -------
    .\
       pinout.obj                      988    0         0      
       tm4c1294ncpdt_startup_ccs.obj   12     520       0      
       main.obj                        348    0         0      
    +--+-------------------------------+------+---------+---------+
       Total:                          1348   520       0      
                                                               
    C:\ti\ccsv7\tools\compiler\ti-cgt-arm_16.9.3.LTS\lib\rtsv7M4_T_le_v4SPD16_eabi.lib
       memcpy_t2.obj                   156    0         0      
       autoinit.obj                    112    0         0      
       copy_decompress_lzss.obj        104    0         0      
       exit.obj                        84     0         12     
       boot.obj                        84     0         0      
       cpy_tbl.obj                     76     0         0      
       _lock.obj                       20     0         8      
       args_main.obj                   24     0         0      
       copy_decompress_none.obj        14     0         0      
       pre_init.obj                    4      0         0      
       stkdepth_vars.obj               0      0         4      
       mpu_init.obj                    2      0         0      
       startup.obj                     2      0         0      
    +--+-------------------------------+------+---------+---------+
       Total:                          682    0         24     
                                                               
    E:/Senior Design Project/Software/TivaWare/driverlib/ccs/Debug/driverlib.lib
       sysctl.obj                      946    596       0      
       ssi.obj                         106    0         0      
       gpio.obj                        6      0         0      
    +--+-------------------------------+------+---------+---------+
       Total:                          1058   596       0      
                                                               
       Stack:                          0      0         512    
       Linker Generated:               0      33        0      
    +--+-------------------------------+------+---------+---------+
       Grand Total:                    3088   1149      536    


LINKER GENERATED COPY TABLES

__TI_cinit_table @ 0000108c records: 1, size/record: 8, table size: 8
	.data: load addr=00001070, load size=00000011 bytes, run addr=20000200, run size=00000018 bytes, compression=lzss


LINKER GENERATED HANDLER TABLE

__TI_handler_table @ 00001084 records: 2, size/record: 4, table size: 8
	index: 0, handler: __TI_decompress_lzss
	index: 1, handler: __TI_decompress_none


GLOBAL SYMBOLS: SORTED ALPHABETICALLY BY Name 

address   name                           
-------   ----                           
00000c19  C$$EXIT                        
000008dd  EnableClock                    
000008e9  EnablePeripherals              
000008fb  EnableSPI                      
00000e05  GPIOPinWrite                   
00000209  PinoutSet                      
00000ddd  ResetISR                       
UNDEFED   SHT$$INIT_ARRAY$$Base          
UNDEFED   SHT$$INIT_ARRAY$$Limit         
00000dfd  SSIBusy                        
00000d01  SSIConfigSetExpClk             
00000dbd  SSIDataGetNonBlocking          
00000de9  SSIDataPut                     
00000df3  SSIEnable                      
000005e5  SysCtlClockFreqSet             
00000941  SysCtlClockGet                 
00000e0b  SysCtlDelay                    
00000d3d  SysCtlPeripheralEnable         
20000200  __STACK_END                    
00000200  __STACK_SIZE                   
20000200  __STACK_TOP                    
0000108c  __TI_CINIT_Base                
00001094  __TI_CINIT_Limit               
00001084  __TI_Handler_Table_Base        
0000108c  __TI_Handler_Table_Limit       
00000aed  __TI_auto_init                 
20000200  __TI_cleanup_ptr               
00000b5d  __TI_decompress_lzss           
00000dcf  __TI_decompress_none           
20000204  __TI_dtors_ptr                 
20000208  __TI_enable_exit_profile_output
ffffffff  __TI_pprof_out_hndl            
ffffffff  __TI_prof_data_size            
ffffffff  __TI_prof_data_start           
00000000  __TI_static_base__             
00000a51  __aeabi_memcpy                 
00000a51  __aeabi_memcpy4                
00000a51  __aeabi_memcpy8                
ffffffff  __binit__                      
ffffffff  __c_args__                     
00000e15  __mpu_init                     
20000000  __stack                        
00000d91  _args_main                     
00000bc5  _c_int00                       
2000020c  _lock                          
00000db7  _nop                           
00000daf  _register_lock                 
00000da9  _register_unlock               
00000e17  _system_post_cinit             
00000e11  _system_pre_init               
20000210  _unlock                        
00000c1d  abort                          
ffffffff  binit                          
00000c6d  copy_in                        
00000c25  exit                           
00000000  g_pfnVectors                   
000007e5  main                           
20000214  main_func_sp                   
00000a51  memcpy                         


GLOBAL SYMBOLS: SORTED BY Symbol Address 

address   name                           
-------   ----                           
00000000  __TI_static_base__             
00000000  g_pfnVectors                   
00000200  __STACK_SIZE                   
00000209  PinoutSet                      
000005e5  SysCtlClockFreqSet             
000007e5  main                           
000008dd  EnableClock                    
000008e9  EnablePeripherals              
000008fb  EnableSPI                      
00000941  SysCtlClockGet                 
00000a51  __aeabi_memcpy                 
00000a51  __aeabi_memcpy4                
00000a51  __aeabi_memcpy8                
00000a51  memcpy                         
00000aed  __TI_auto_init                 
00000b5d  __TI_decompress_lzss           
00000bc5  _c_int00                       
00000c19  C$$EXIT                        
00000c1d  abort                          
00000c25  exit                           
00000c6d  copy_in                        
00000d01  SSIConfigSetExpClk             
00000d3d  SysCtlPeripheralEnable         
00000d91  _args_main                     
00000da9  _register_unlock               
00000daf  _register_lock                 
00000db7  _nop                           
00000dbd  SSIDataGetNonBlocking          
00000dcf  __TI_decompress_none           
00000ddd  ResetISR                       
00000de9  SSIDataPut                     
00000df3  SSIEnable                      
00000dfd  SSIBusy                        
00000e05  GPIOPinWrite                   
00000e0b  SysCtlDelay                    
00000e11  _system_pre_init               
00000e15  __mpu_init                     
00000e17  _system_post_cinit             
00001084  __TI_Handler_Table_Base        
0000108c  __TI_CINIT_Base                
0000108c  __TI_Handler_Table_Limit       
00001094  __TI_CINIT_Limit               
20000000  __stack                        
20000200  __STACK_END                    
20000200  __STACK_TOP                    
20000200  __TI_cleanup_ptr               
20000204  __TI_dtors_ptr                 
20000208  __TI_enable_exit_profile_output
2000020c  _lock                          
20000210  _unlock                        
20000214  main_func_sp                   
ffffffff  __TI_pprof_out_hndl            
ffffffff  __TI_prof_data_size            
ffffffff  __TI_prof_data_start           
ffffffff  __binit__                      
ffffffff  __c_args__                     
ffffffff  binit                          
UNDEFED   SHT$$INIT_ARRAY$$Base          
UNDEFED   SHT$$INIT_ARRAY$$Limit         

[59 symbols]
